{
  "version": "1.5.0",
  "plugins_used": [
    {
      "name": "ArtifactoryDetector"
    },
    {
      "name": "AWSKeyDetector"
    },
    {
      "name": "AzureStorageKeyDetector"
    },
    {
      "name": "Base64HighEntropyString",
      "limit": 4.5
    },
    {
      "name": "BasicAuthDetector"
    },
    {
      "name": "CloudantDetector"
    },
    {
      "name": "DiscordBotTokenDetector"
    },
    {
      "name": "GitHubTokenDetector"
    },
    {
      "name": "GitLabTokenDetector"
    },
    {
      "name": "HexHighEntropyString",
      "limit": 3.0
    },
    {
      "name": "IbmCloudIamDetector"
    },
    {
      "name": "IbmCosHmacDetector"
    },
    {
      "name": "IPPublicDetector"
    },
    {
      "name": "JwtTokenDetector"
    },
    {
      "name": "KeywordDetector",
      "keyword_exclude": ""
    },
    {
      "name": "MailchimpDetector"
    },
    {
      "name": "NpmDetector"
    },
    {
      "name": "OpenAIDetector"
    },
    {
      "name": "PrivateKeyDetector"
    },
    {
      "name": "PypiTokenDetector"
    },
    {
      "name": "SendGridDetector"
    },
    {
      "name": "SlackDetector"
    },
    {
      "name": "SoftlayerDetector"
    },
    {
      "name": "SquareOAuthDetector"
    },
    {
      "name": "StripeDetector"
    },
    {
      "name": "TelegramBotTokenDetector"
    },
    {
      "name": "TwilioKeyDetector"
    }
  ],
  "filters_used": [
    {
      "path": "detect_secrets.filters.allowlist.is_line_allowlisted"
    },
    {
      "path": "detect_secrets.filters.common.is_ignored_due_to_verification_policies",
      "min_level": 2
    },
    {
      "path": "detect_secrets.filters.heuristic.is_indirect_reference"
    },
    {
      "path": "detect_secrets.filters.heuristic.is_likely_id_string"
    },
    {
      "path": "detect_secrets.filters.heuristic.is_lock_file"
    },
    {
      "path": "detect_secrets.filters.heuristic.is_not_alphanumeric_string"
    },
    {
      "path": "detect_secrets.filters.heuristic.is_potential_uuid"
    },
    {
      "path": "detect_secrets.filters.heuristic.is_prefixed_with_dollar_sign"
    },
    {
      "path": "detect_secrets.filters.heuristic.is_sequential_string"
    },
    {
      "path": "detect_secrets.filters.heuristic.is_swagger_file"
    },
    {
      "path": "detect_secrets.filters.heuristic.is_templated_secret"
    },
    {
      "path": "detect_secrets.filters.regex.should_exclude_file",
      "pattern": [
        "\\.venv|data|logs|\\.git"
      ]
    }
  ],
  "results": {
    "notebooks/__marimo__/session/exploration_paysim.py.json": [
      {
        "type": "Hex High Entropy String",
        "filename": "notebooks/__marimo__/session/exploration_paysim.py.json",
        "hashed_secret": "6e885cca3972459dc197b32ba6bffd41ecee0db1",
        "is_verified": false,
        "line_number": 10
      },
      {
        "type": "Hex High Entropy String",
        "filename": "notebooks/__marimo__/session/exploration_paysim.py.json",
        "hashed_secret": "aac5db2f28d15995e34df4deb884d35e23d5085f",
        "is_verified": false,
        "line_number": 23
      },
      {
        "type": "Hex High Entropy String",
        "filename": "notebooks/__marimo__/session/exploration_paysim.py.json",
        "hashed_secret": "6a8bd4fb766e9c50987043f3930a542f333d9a20",
        "is_verified": false,
        "line_number": 36
      },
      {
        "type": "Hex High Entropy String",
        "filename": "notebooks/__marimo__/session/exploration_paysim.py.json",
        "hashed_secret": "c2acbcf19790e6c4b5f0b67ae33fadbf77e274e7",
        "is_verified": false,
        "line_number": 49
      },
      {
        "type": "Hex High Entropy String",
        "filename": "notebooks/__marimo__/session/exploration_paysim.py.json",
        "hashed_secret": "938702ab2bf6f8155641d10374ad532cf460fcdc",
        "is_verified": false,
        "line_number": 62
      },
      {
        "type": "Hex High Entropy String",
        "filename": "notebooks/__marimo__/session/exploration_paysim.py.json",
        "hashed_secret": "18945d1b1009f2a3609425713e254390e85c477b",
        "is_verified": false,
        "line_number": 75
      },
      {
        "type": "Hex High Entropy String",
        "filename": "notebooks/__marimo__/session/exploration_paysim.py.json",
        "hashed_secret": "072dcd999aa981fd5d05e545e2c5d793435b36b8",
        "is_verified": false,
        "line_number": 88
      },
      {
        "type": "Hex High Entropy String",
        "filename": "notebooks/__marimo__/session/exploration_paysim.py.json",
        "hashed_secret": "a4e9f6d72d75101d06cecd3a24fe6389bb0307bb",
        "is_verified": false,
        "line_number": 101
      },
      {
        "type": "Hex High Entropy String",
        "filename": "notebooks/__marimo__/session/exploration_paysim.py.json",
        "hashed_secret": "6a2c945cd30f0af96b66fafd77d5686e8e2dd2c9",
        "is_verified": false,
        "line_number": 114
      },
      {
        "type": "Hex High Entropy String",
        "filename": "notebooks/__marimo__/session/exploration_paysim.py.json",
        "hashed_secret": "4482829ab7a603ddcb8a530c00506fc0c62ed479",
        "is_verified": false,
        "line_number": 127
      },
      {
        "type": "Hex High Entropy String",
        "filename": "notebooks/__marimo__/session/exploration_paysim.py.json",
        "hashed_secret": "2df36fa6a4a0f069522cc764a747d6cfbf817c1a",
        "is_verified": false,
        "line_number": 140
      },
      {
        "type": "Hex High Entropy String",
        "filename": "notebooks/__marimo__/session/exploration_paysim.py.json",
        "hashed_secret": "27cac3f637b6e75460bebb76c9325e58d5fc987b",
        "is_verified": false,
        "line_number": 153
      },
      {
        "type": "Hex High Entropy String",
        "filename": "notebooks/__marimo__/session/exploration_paysim.py.json",
        "hashed_secret": "2d5b9a4c14b066dc4c9ca41ec5297ae42c7879fa",
        "is_verified": false,
        "line_number": 166
      },
      {
        "type": "Hex High Entropy String",
        "filename": "notebooks/__marimo__/session/exploration_paysim.py.json",
        "hashed_secret": "ba4531e21aa0787a77ec930e580118dbe6b28c2a",
        "is_verified": false,
        "line_number": 179
      },
      {
        "type": "Hex High Entropy String",
        "filename": "notebooks/__marimo__/session/exploration_paysim.py.json",
        "hashed_secret": "2b4a7026a16bf5844e114490c8845e61554bd11a",
        "is_verified": false,
        "line_number": 192
      },
      {
        "type": "Hex High Entropy String",
        "filename": "notebooks/__marimo__/session/exploration_paysim.py.json",
        "hashed_secret": "a9ed072d2be5ca39a0519b602a140b1b03660dd1",
        "is_verified": false,
        "line_number": 205
      },
      {
        "type": "Hex High Entropy String",
        "filename": "notebooks/__marimo__/session/exploration_paysim.py.json",
        "hashed_secret": "99e84024ca7fc3d3b86e14a799057d4ba9124a7d",
        "is_verified": false,
        "line_number": 218
      },
      {
        "type": "Hex High Entropy String",
        "filename": "notebooks/__marimo__/session/exploration_paysim.py.json",
        "hashed_secret": "7f057c4264c6bbe31389c61722c8e128b5dd39e9",
        "is_verified": false,
        "line_number": 231
      },
      {
        "type": "Hex High Entropy String",
        "filename": "notebooks/__marimo__/session/exploration_paysim.py.json",
        "hashed_secret": "5cf8e36c081fc62ceac975ee5c0bc6021680386e",
        "is_verified": false,
        "line_number": 244
      },
      {
        "type": "Hex High Entropy String",
        "filename": "notebooks/__marimo__/session/exploration_paysim.py.json",
        "hashed_secret": "51258ecb77574993122b82f86aa782452510f3e0",
        "is_verified": false,
        "line_number": 257
      },
      {
        "type": "Hex High Entropy String",
        "filename": "notebooks/__marimo__/session/exploration_paysim.py.json",
        "hashed_secret": "78c3fd7291fb5a6759e58b0b4717c96d7d4dd300",
        "is_verified": false,
        "line_number": 270
      },
      {
        "type": "Hex High Entropy String",
        "filename": "notebooks/__marimo__/session/exploration_paysim.py.json",
        "hashed_secret": "2c5514f361b50bdef047e4e4b6110717659cf3b3",
        "is_verified": false,
        "line_number": 283
      },
      {
        "type": "Hex High Entropy String",
        "filename": "notebooks/__marimo__/session/exploration_paysim.py.json",
        "hashed_secret": "995ce976c6c72b758830d55df15938e5cf5d85af",
        "is_verified": false,
        "line_number": 296
      },
      {
        "type": "Hex High Entropy String",
        "filename": "notebooks/__marimo__/session/exploration_paysim.py.json",
        "hashed_secret": "c57e51bbca1b06bfc930f924103ba2df12dee193",
        "is_verified": false,
        "line_number": 309
      },
      {
        "type": "Hex High Entropy String",
        "filename": "notebooks/__marimo__/session/exploration_paysim.py.json",
        "hashed_secret": "c18d4dba4b7c37db7c50bd61584630ca27498c38",
        "is_verified": false,
        "line_number": 322
      },
      {
        "type": "Hex High Entropy String",
        "filename": "notebooks/__marimo__/session/exploration_paysim.py.json",
        "hashed_secret": "fb78b7e8fdaedbbafd3fe686c41ced109179ce69",
        "is_verified": false,
        "line_number": 335
      },
      {
        "type": "Hex High Entropy String",
        "filename": "notebooks/__marimo__/session/exploration_paysim.py.json",
        "hashed_secret": "f7dd35259b092b85971a444ae8a707e77fe31303",
        "is_verified": false,
        "line_number": 348
      },
      {
        "type": "Hex High Entropy String",
        "filename": "notebooks/__marimo__/session/exploration_paysim.py.json",
        "hashed_secret": "3e410cdabd37aae26ded6a7a2694692a5fbd14ad",
        "is_verified": false,
        "line_number": 361
      },
      {
        "type": "Hex High Entropy String",
        "filename": "notebooks/__marimo__/session/exploration_paysim.py.json",
        "hashed_secret": "2bc40c642fead6e3fc8ac921ac892b897fd7a9fb",
        "is_verified": false,
        "line_number": 374
      },
      {
        "type": "Hex High Entropy String",
        "filename": "notebooks/__marimo__/session/exploration_paysim.py.json",
        "hashed_secret": "890edd296b375286ecb9fb23bd0ae54fc07a93e9",
        "is_verified": false,
        "line_number": 387
      }
    ]
  },
  "generated_at": "2026-10-05T14:19:22Z"
}
